HI-TECH Software PICC Compiler STD Edition V9.60

Linker command line:

--edf=C:\Program Files\HI-TECH Software\PICC\std\9.60\dat\en_msgs.txt \
  -h+Experiment17_IR.sym -z -Q16F877A -ol.obj -MExperiment17_IR.map -E1 \
  -ver=PICC -ACODE=00h-07FFhx4 -ACONST=00h-0FFhx32 -AENTRY=00h-0FFhx32 \
  -ASTRING=00h-0FFhx32 -ABANK0=020h-07Fh -ABANK1=0A0h-0EFh \
  -ABANK2=0110h-016Fh -ABANK3=0190h-01EFh -ACOMBANK=070h-07Fh \
  -preset_vec=00h,intentry=04h,intcode,intret,init,init23,end_init,clrtext,maintext,stringtable,pstrings,strings \
  -ppowerup=CODE -ptemp=-COMBANK -pintsave_0=-COMBANK \
  -prbit_0=BANK0,rbss_0=BANK0,rdata_0=BANK0,idata_0=CODE -pnvram=BANK0 \
  -pintsave_1=BANK1 -prbit_1=BANK1,rbss_1=BANK1,rdata_1=BANK1,idata_1=CODE \
  -pnvram_1=BANK1,nvbit_1=BANK1 -pintsave_2=BANK2 \
  -prbit_2=BANK2,rbss_2=BANK2,rdata_2=BANK2,idata_2=CODE \
  -pnvram_2=BANK2,nvbit_2=BANK2 -pintsave_3=BANK3 \
  -prbit_3=BANK3,rbss_3=BANK3,rdata_3=BANK3,idata_3=CODE \
  -pnvram_3=BANK3,nvbit_3=BANK3 -ACONFIG=02007h-02007h -pconfig=CONFIG \
  -AIDLOC=02000h-02003h -pidloc=IDLOC -AEEDATA=00h-0FFh/02100h \
  -peeprom_data=EEDATA -pfloat_text0=CODE,float_text1=CODE,float_text2=CODE \
  -pfloat_text3=CODE,float_text4=CODE \
  C:\DOCUME~1\ADMINI~1\LOCALS~1\Temp\s3dg.obj PIC_IR.obj \
  C:\Program Files\HI-TECH Software\PICC\std\9.60\lib\pic604-p.lib \
  C:\Program Files\HI-TECH Software\PICC\std\9.60\lib\pic32--u.lib \
  C:\Program Files\HI-TECH Software\PICC\std\9.60\lib\pic42c-c.lib \
  C:\Program Files\HI-TECH Software\PICC\std\9.60\lib\pic32--u.lib 

Object code version is 3.9

Machine type is 16F877A

Call graph:

*_main size 0,6 offset 0
     _mcu_init size 0,0 offset 6
         _Board_init size 0,0 offset 6
*    _Ir_Get_Low size 0,2 offset 6
*    _Ir_Get_High size 0,2 offset 6

Estimated maximum call depth: 2

*_TMR0INT size 0,0 offset 8

Estimated maximum call depth: 1


		Name          Link     Load   Length Selector Space Scale
C:\DOCUME~1\ADMINI~1\LOCALS~1\Temp\s3dg.obj
		reset_vec        0        0        3       0     0
		init            34       34        C       8     0
		end_init        40       40       18       8     0
		temp            7E       7E        1      7E     1
PIC_IR.obj      intcode          D        D       1E       8     0
		intentry         4        4        9       8     0
		intret          2B       2B        9       8     0
		idata_0         6E       6E       18       8     0
		intsave_0       7D       7D        1      7D     1
		rdata_0         29       29       18      20     1
		config        2007     2007        1    400E     0
		rbss_0          20       20        1      20     1
		temp            7E       7E        2      7E     1
		intsave         41       41        3      20     1
		text4           86       86       E4       8     0

C:\Program Files\HI-TECH Software\PICC\std\9.60\lib\pic604-p.lib

C:\Program Files\HI-TECH Software\PICC\std\9.60\lib\pic32--u.lib

C:\Program Files\HI-TECH Software\PICC\std\9.60\lib\pic42c-c.lib
btemp0.obj      temp            7E       7E        1      7E     1
btemp1.obj      temp            7E       7E        2      7E     1
codeptr.obj     
stringtab.obj   stringtab       58       58       16       8     0
		code_ptr        44       44        2      20     1

C:\Program Files\HI-TECH Software\PICC\std\9.60\lib\pic32--u.lib

COMMON          rbss_0          21       21        8      20     1

TOTAL		Name          Link     Load   Length
	CLASS	CODE     
		intcode          D        D       1E
		intentry         4        4        9
		intret          2B       2B        9
		reset_vec        0        0        3
		idata_0         6E       6E       18
		init            34       34        C
		end_init        40       40       18
		text4           86       86       E4

	CLASS	CONST    

	CLASS	ENTRY    
		stringtab       58       58       16

	CLASS	STRING   

	CLASS	BANK0    
		rdata_0         29       29       18
		rbss_0          20       20        9
		temp            7E       7E        2
		intsave         41       41        3
		code_ptr        44       44        2

	CLASS	BANK1    

	CLASS	BANK2    

	CLASS	BANK3    

	CLASS	COMBANK  
		intsave_0       7D       7D        1

	CLASS	CONFIG   
		config        2007     2007        1

	CLASS	IDLOC    

	CLASS	EEDATA   



SEGMENTS	Name		Load	Length	 Top	Selector    Space Class

		reset_vec       000000	000003	000003	       0       0  CODE    
		intentry        000004	000166	00016A	       8       0  CODE    
		rbit_0          000020	000026	000046	      20       1  BANK0   
		intsave_0       00007D	000001	00007E	      7D       1  COMBANK 
		temp            00007E	000002	000080	      7E       1  COMBANK 
		config          002007	000001	002008	    400E       0  CONFIG  


UNUSED ADDRESS RANGES

	BANK0            0046-007C
	BANK1            00A0-00EF
	BANK2            0110-016F
	BANK3            0190-01EF
	CODE             0003-0003
	                 016A-1FFF
	COMBANK          0070-007C
	CONST            0003-0003
	                 016A-1FFF
	EEDATA           2100-21FF
	ENTRY            0003-0003
	                 016A-1FFF
	IDLOC            2000-2003
	STRING           0003-0003
	                 016A-1FFF

                                  Symbol Table

?a_Ir_Get_High rbss_0      0027  ?a_Ir_Get_Low  rbss_0      0027
?a_main        rbss_0      0021  _Board_init    text4       009D
_IR_NUM        rdata_0     0029  _Ir_Get_High   text4       0086
_Ir_Get_Low    text4       00CC  _LED_BIT_SEL   rdata_0     003D
_LED_number    rdata_0     002D  _Led_Index     rbss_0      0020
_TMR0INT       intcode     000D  __Beeprom_data eeprom_data 2100
__Bnvbit_0     nvbit_0     010C  __Bnvbit_1     nvbit_1     00A0
__Bnvbit_2     nvbit_2     0110  __Bnvbit_3     nvbit_3     0190
__Bptbit_0     ptbit_0     010C  __Brbit_0      rbit_0      0020
__Brbit_1      rbit_1      00A0  __Brbit_2      rbit_2      0110
__Brbit_3      rbit_3      0190  __Hclrtext     clrtext     0058
__Hcode        code        010C  __Hcode_ptr    code_ptr    0046
__Hcommon_ram  common_ram  010C  __Hconfig      config      2008
__Heeprom_data eeprom_data 0000  __Hend_init    end_init    0058
__Hfloat_text0 float_text0 0086  __Hfloat_text1 float_text1 0086
__Hfloat_text2 float_text2 0086  __Hfloat_text3 float_text3 0086
__Hfloat_text4 float_text4 0086  __Hidata_0     idata_0     0086
__Hidata_1     idata_1     0086  __Hidata_2     idata_2     0086
__Hidata_3     idata_3     0086  __Hidloc       idloc       2000
__Hinit        init        0040  __Hinit23      init23      0040
__Hintcode     intcode     002B  __Hintentry    intentry    000D
__Hintret      intret      0034  __Hintsave     intsave     010C
__Hintsave_0   intsave_0   007E  __Hintsave_1   intsave_1   00A0
__Hintsave_2   intsave_2   0110  __Hintsave_3   intsave_3   0190
__Hmaintext    maintext    0058  __Hnvbit_0     nvbit_0     0860
__Hnvbit_1     nvbit_1     0500  __Hnvbit_2     nvbit_2     0880
__Hnvbit_3     nvbit_3     0C80  __Hnvram       nvram       0041
__Hnvram_1     nvram_1     00A0  __Hnvram_2     nvram_2     0110
__Hnvram_3     nvram_3     0190  __Hpowerup     powerup     006E
__Hpstrings    pstrings    006E  __Hptbit_0     ptbit_0     0860
__Hrbit_0      rbit_0      0100  __Hrbit_1      rbit_1      0500
__Hrbit_2      rbit_2      0880  __Hrbit_3      rbit_3      0C80
__Hrbss_0      rbss_0      0029  __Hrbss_1      rbss_1      00A0
__Hrbss_2      rbss_2      0110  __Hrbss_3      rbss_3      0190
__Hrdata_0     rdata_0     0041  __Hrdata_1     rdata_1     00A0
__Hrdata_2     rdata_2     0110  __Hrdata_3     rdata_3     0190
__Hreset_vec   reset_vec   0003  __Hstrings     strings     006E
__Hstringtable stringtable 006E  __Hstruct      struct      0046
__Htemp        temp        0080  __Htext        text        010C
__Lclrtext     clrtext     0058  __Lcode        code        010C
__Lcode_ptr    code_ptr    0044  __Lcommon_ram  common_ram  010C
__Lconfig      config      2007  __Leeprom_data eeprom_data 0000
__Lend_init    end_init    0040  __Lfloat_text0 float_text0 0086
__Lfloat_text1 float_text1 0086  __Lfloat_text2 float_text2 0086
__Lfloat_text3 float_text3 0086  __Lfloat_text4 float_text4 0086
__Lidata_0     idata_0     006E  __Lidata_1     idata_1     0086
__Lidata_2     idata_2     0086  __Lidata_3     idata_3     0086
__Lidloc       idloc       2000  __Linit        init        0034
__Linit23      init23      0040  __Lintcode     intcode     000D
__Lintentry    intentry    0004  __Lintret      intret      002B
__Lintsave     intsave     010C  __Lintsave_0   intsave_0   007D
__Lintsave_1   intsave_1   00A0  __Lintsave_2   intsave_2   0110
__Lintsave_3   intsave_3   0190  __Lmaintext    maintext    0058
__Lnvbit_0     nvbit_0     0860  __Lnvbit_1     nvbit_1     0500
__Lnvbit_2     nvbit_2     0880  __Lnvbit_3     nvbit_3     0C80
__Lnvram       nvram       0041  __Lnvram_1     nvram_1     00A0
__Lnvram_2     nvram_2     0110  __Lnvram_3     nvram_3     0190
__Lpowerup     powerup     006E  __Lpstrings    pstrings    006E
__Lptbit_0     ptbit_0     0860  __Lrbit_0      rbit_0      0100
__Lrbit_1      rbit_1      0500  __Lrbit_2      rbit_2      0880
__Lrbit_3      rbit_3      0C80  __Lrbss_0      rbss_0      0020
__Lrbss_1      rbss_1      00A0  __Lrbss_2      rbss_2      0110
__Lrbss_3      rbss_3      0190  __Lrdata_0     rdata_0     0029
__Lrdata_1     rdata_1     00A0  __Lrdata_2     rdata_2     0110
__Lrdata_3     rdata_3     0190  __Lreset_vec   reset_vec   0000
__Lstrings     strings     006E  __Lstringtable stringtable 0058
__Lstruct      struct      0046  __Ltemp        temp        007E
__Ltext        text        010C  __S0           (abs)       2008
__S1           (abs)       0190  __S2           (abs)       2100
_exit          init        0034  _main          text4       00E3
_mcu_init      text4       00BB  clear_bank0    init        0034
clear_bit0     init        0034  clear_ram      end_init    0046
code_ptr       code_ptr    0044  copy_bank0     init        0038
copy_data      end_init    004B  int_entry      intentry    0004
int_func       intcode     000D  int_restore    intret      002F
intlevel0      intentry    0004  intlevel1      intentry    0004
reset_vec      reset_vec   0000  start          init        0034
string_indir   stringtable 005B  string_table   stringtable 0058
used_btemp0    (abs)       0001  used_btemp1    (abs)       0001
used_code_ptr  (abs)       0001  
