HI-TECH Software PICC Compiler STD Edition V9.60

Linker command line:

--edf=C:\Program Files\HI-TECH Software\PICC\std\9.60\dat\en_msgs.txt \
  -h+Experiment10_ADC.sym -z -Q16F877A -ol.obj -MExperiment10_ADC.map -E1 \
  -ver=PICC -ACODE=00h-07FFhx4 -ACONST=00h-0FFhx32 -AENTRY=00h-0FFhx32 \
  -ASTRING=00h-0FFhx32 -ABANK0=020h-07Fh -ABANK1=0A0h-0EFh \
  -ABANK2=0110h-016Fh -ABANK3=0190h-01EFh -ACOMBANK=070h-07Fh \
  -preset_vec=00h,intentry,intcode,intret,init,init23,end_init,clrtext,maintext,stringtable,pstrings,strings \
  -ppowerup=CODE -ptemp=-COMBANK -pintsave_0=-COMBANK \
  -prbit_0=BANK0,rbss_0=BANK0,rdata_0=BANK0,idata_0=CODE -pnvram=BANK0 \
  -pintsave_1=BANK1 -prbit_1=BANK1,rbss_1=BANK1,rdata_1=BANK1,idata_1=CODE \
  -pnvram_1=BANK1,nvbit_1=BANK1 -pintsave_2=BANK2 \
  -prbit_2=BANK2,rbss_2=BANK2,rdata_2=BANK2,idata_2=CODE \
  -pnvram_2=BANK2,nvbit_2=BANK2 -pintsave_3=BANK3 \
  -prbit_3=BANK3,rbss_3=BANK3,rdata_3=BANK3,idata_3=CODE \
  -pnvram_3=BANK3,nvbit_3=BANK3 -ACONFIG=02007h-02007h -pconfig=CONFIG \
  -AIDLOC=02000h-02003h -pidloc=IDLOC -AEEDATA=00h-0FFh/02100h \
  -peeprom_data=EEDATA -pfloat_text0=CODE,float_text1=CODE,float_text2=CODE \
  -pfloat_text3=CODE,float_text4=CODE \
  C:\DOCUME~1\ADMINI~1\LOCALS~1\Temp\s3dk.obj ADC2.obj \
  C:\Program Files\HI-TECH Software\PICC\std\9.60\lib\pic604-p.lib \
  C:\Program Files\HI-TECH Software\PICC\std\9.60\lib\pic32--u.lib \
  C:\Program Files\HI-TECH Software\PICC\std\9.60\lib\pic42c-c.lib \
  C:\Program Files\HI-TECH Software\PICC\std\9.60\lib\pic32--u.lib 

Object code version is 3.9

Machine type is 16F877A

Call graph:

*_main size 0,0 offset 0
     _Board_init size 0,0 offset 0
*    _adcinit size 0,3 offset 0
*        _delayMS size 0,1 offset 3
*            _delayUS size 0,1 offset 4
         awtoft size 0,0 offset 3
         ftmul size 0,0 offset 3
             ftunpack1 size 0,0 offset 3
             ftunpack2 size 0,0 offset 3
         fttol size 0,0 offset 3
             ftunpack1 size 0,0 offset 3
             l0neg size 0,0 offset 3
         awdiv size 0,0 offset 3
         awmod size 0,0 offset 3
     _xianshi size 0,2 offset 0
         _delayMS size 0,1 offset 3
             _delayUS size 0,1 offset 4

Estimated maximum call depth: 3


		Name          Link     Load   Length Selector Space Scale
C:\DOCUME~1\ADMINI~1\LOCALS~1\Temp\s3dk.obj
		init             0        0        C       0     0
		end_init         C        C       18       0     0
		temp            74       74        1      74     1
ADC2.obj        idata_0        7FD      7FD        3     FFA     0
		rdata_0         27       27        3      20     1
		config        2007     2007        1    400E     0
		rbss_0          20       20        2      20     1
		temp            74       74        6      74     1
		text3          5E1      5E1       E5     BC2     0
		const2          3A       3A        D      74     0
		const1          47       47        4      74     0

C:\Program Files\HI-TECH Software\PICC\std\9.60\lib\pic604-p.lib

C:\Program Files\HI-TECH Software\PICC\std\9.60\lib\pic32--u.lib

C:\Program Files\HI-TECH Software\PICC\std\9.60\lib\pic42c-c.lib
awdiv.obj       float_tex      7A0      7A0       15     F40     0
		temp            74       74        7      74     1
btemp0.obj      temp            74       74        1      74     1
btemp10.obj     temp            74       74        B      74     1
btemp11.obj     temp            74       74        C      74     1
btemp1.obj      temp            74       74        2      74     1
btemp2.obj      temp            74       74        3      74     1
btemp3.obj      temp            74       74        4      74     1
btemp4.obj      temp            74       74        5      74     1
btemp5.obj      temp            74       74        6      74     1
btemp6.obj      temp            74       74        7      74     1
btemp7.obj      temp            74       74        8      74     1
btemp8.obj      temp            74       74        9      74     1
btemp9.obj      temp            74       74        A      74     1
codeptr.obj     
float.obj       float_tex      6D2      6D2       4E     DA4     0
		temp            74       74        9      74     1
ftmul.obj       float_tex      720      720       41     DA4     0
		temp            74       74        C      74     1
fttol.obj       float_tex      761      761       23     DA4     0
		temp            74       74        9      74     1
l0neg.obj       float_tex      7EF      7EF        E     FDE     0
		temp            74       74        4      74     1
ltoft.obj       float_tex      784      784       13     DA4     0
		temp            74       74        9      74     1
store3.obj      temp            74       74        9      74     1
		ftext0         6C6      6C6        C     D8C     0
stringtab.obj   stringtab       24       24       16       0     0
		code_ptr        2A       2A        2      20     1
wdiv.obj        float_tex      7B5      7B5       3A     F40     0
		temp            74       74        7      74     1
wtoft.obj       float_tex      797      797        9     DA4     0
		temp            74       74        9      74     1

C:\Program Files\HI-TECH Software\PICC\std\9.60\lib\pic32--u.lib

COMMON          rbss_0          22       22        5      20     1

TOTAL		Name          Link     Load   Length
	CLASS	CODE     
		idata_0        7FD      7FD        3
		float_tex      7A0      7A0       4F
		float_tex      7EF      7EF        E
		float_tex      6D2      6D2       CE
		init             0        0        C
		end_init         C        C       18
		text3          5E1      5E1       E5
		ftext0         6C6      6C6        C

	CLASS	CONST    
		const2          3A       3A        D
		const1          47       47        4

	CLASS	ENTRY    
		stringtab       24       24       16

	CLASS	STRING   

	CLASS	BANK0    
		rdata_0         27       27        3
		rbss_0          20       20        7
		temp            74       74        C
		code_ptr        2A       2A        2

	CLASS	BANK1    

	CLASS	BANK2    

	CLASS	BANK3    

	CLASS	COMBANK  

	CLASS	CONFIG   
		config        2007     2007        1

	CLASS	IDLOC    

	CLASS	EEDATA   



SEGMENTS	Name		Load	Length	 Top	Selector    Space Class

		reset_vec       000000	00003A	00003A	       0       0  CODE    
		rbit_0          000020	00000C	00002C	      20       1  BANK0   
		const2          00003A	000011	00004B	      74       0  CONST   
		temp            000074	00000C	000080	      74       1  COMBANK 
		text3           0005E1	0000E5	0006C6	     BC2       0  CODE    
		ftext0          0006C6	00000C	0006D2	     D8C       0  CODE    
		float_text4     0006D2	0000CE	0007A0	     DA4       0  CODE    
		float_text1     0007A0	00004F	0007EF	     F40       0  CODE    
		float_text0     0007EF	00000E	0007FD	     FDE       0  CODE    
		idata_0         0007FD	000003	000800	     FFA       0  CODE    
		config          002007	000001	002008	    400E       0  CONFIG  


UNUSED ADDRESS RANGES

	BANK0            002C-0073
	BANK1            00A0-00EF
	BANK2            0110-016F
	BANK3            0190-01EF
	CODE             004B-05E0
	                 0800-1FFF
	COMBANK          0070-0073
	CONST            004B-05E0
	                 0800-1FFF
	EEDATA           2100-21FF
	ENTRY            004B-05E0
	                 0800-1FFF
	IDLOC            2000-2003
	STRING           004B-05E0
	                 0800-1FFF

                                  Symbol Table

?a_adcinit     rbss_0      0022  ?a_delayMS     rbss_0      0025
?a_delayUS     rbss_0      0026  ?a_xianshi     rbss_0      0022
_Board_init    text3       06A0  __Beeprom_data eeprom_data 2100
__Bnvbit_0     nvbit_0     0F40  __Bnvbit_1     nvbit_1     00A0
__Bnvbit_2     nvbit_2     0110  __Bnvbit_3     nvbit_3     0190
__Bptbit_0     ptbit_0     0F40  __Brbit_0      rbit_0      0020
__Brbit_1      rbit_1      00A0  __Brbit_2      rbit_2      0110
__Brbit_3      rbit_3      0190  __Hclrtext     clrtext     0024
__Hcode        code        0F40  __Hcode_ptr    code_ptr    002C
__Hcommon_ram  common_ram  0F40  __Hconfig      config      2008
__Heeprom_data eeprom_data 0000  __Hend_init    end_init    0024
__Hfloat_text0 float_text0 07FD  __Hfloat_text1 float_text1 07EF
__Hfloat_text2 float_text2 003A  __Hfloat_text3 float_text3 003A
__Hfloat_text4 float_text4 07A0  __Hidata_0     idata_0     0800
__Hidata_1     idata_1     003A  __Hidata_2     idata_2     003A
__Hidata_3     idata_3     003A  __Hidloc       idloc       2000
__Hinit        init        000C  __Hinit23      init23      000C
__Hintcode     intcode     0000  __Hintentry    intentry    0000
__Hintret      intret      0000  __Hintsave     intsave     0F40
__Hintsave_0   intsave_0   0070  __Hintsave_1   intsave_1   00A0
__Hintsave_2   intsave_2   0110  __Hintsave_3   intsave_3   0190
__Hmaintext    maintext    0024  __Hnvbit_0     nvbit_0     7A00
__Hnvbit_1     nvbit_1     0500  __Hnvbit_2     nvbit_2     0880
__Hnvbit_3     nvbit_3     0C80  __Hnvram       nvram       002A
__Hnvram_1     nvram_1     00A0  __Hnvram_2     nvram_2     0110
__Hnvram_3     nvram_3     0190  __Hpowerup     powerup     003A
__Hpstrings    pstrings    003A  __Hptbit_0     ptbit_0     7A00
__Hrbit_0      rbit_0      0100  __Hrbit_1      rbit_1      0500
__Hrbit_2      rbit_2      0880  __Hrbit_3      rbit_3      0C80
__Hrbss_0      rbss_0      0027  __Hrbss_1      rbss_1      00A0
__Hrbss_2      rbss_2      0110  __Hrbss_3      rbss_3      0190
__Hrdata_0     rdata_0     002A  __Hrdata_1     rdata_1     00A0
__Hrdata_2     rdata_2     0110  __Hrdata_3     rdata_3     0190
__Hreset_vec   reset_vec   0000  __Hstrings     strings     003A
__Hstringtable stringtable 003A  __Hstruct      struct      002C
__Htemp        temp        0080  __Htext        text        0F40
__Lclrtext     clrtext     0024  __Lcode        code        0F40
__Lcode_ptr    code_ptr    002A  __Lcommon_ram  common_ram  0F40
__Lconfig      config      2007  __Leeprom_data eeprom_data 0000
__Lend_init    end_init    000C  __Lfloat_text0 float_text0 07EF
__Lfloat_text1 float_text1 07A0  __Lfloat_text2 float_text2 003A
__Lfloat_text3 float_text3 003A  __Lfloat_text4 float_text4 06D2
__Lidata_0     idata_0     07FD  __Lidata_1     idata_1     003A
__Lidata_2     idata_2     003A  __Lidata_3     idata_3     003A
__Lidloc       idloc       2000  __Linit        init        0000
__Linit23      init23      000C  __Lintcode     intcode     0000
__Lintentry    intentry    0000  __Lintret      intret      0000
__Lintsave     intsave     0F40  __Lintsave_0   intsave_0   0070
__Lintsave_1   intsave_1   00A0  __Lintsave_2   intsave_2   0110
__Lintsave_3   intsave_3   0190  __Lmaintext    maintext    0024
__Lnvbit_0     nvbit_0     7A00  __Lnvbit_1     nvbit_1     0500
__Lnvbit_2     nvbit_2     0880  __Lnvbit_3     nvbit_3     0C80
__Lnvram       nvram       002A  __Lnvram_1     nvram_1     00A0
__Lnvram_2     nvram_2     0110  __Lnvram_3     nvram_3     0190
__Lpowerup     powerup     003A  __Lpstrings    pstrings    003A
__Lptbit_0     ptbit_0     7A00  __Lrbit_0      rbit_0      0100
__Lrbit_1      rbit_1      0500  __Lrbit_2      rbit_2      0880
__Lrbit_3      rbit_3      0C80  __Lrbss_0      rbss_0      0020
__Lrbss_1      rbss_1      00A0  __Lrbss_2      rbss_2      0110
__Lrbss_3      rbss_3      0190  __Lrdata_0     rdata_0     0027
__Lrdata_1     rdata_1     00A0  __Lrdata_2     rdata_2     0110
__Lrdata_3     rdata_3     0190  __Lreset_vec   reset_vec   0000
__Lstrings     strings     003A  __Lstringtable stringtable 0024
__Lstruct      struct      002C  __Ltemp        temp        0074
__Ltext        text        0F40  __S0           (abs)       2008
__S1           (abs)       0190  __S2           (abs)       2100
_adcinit       text3       0622  _caiji_val     rbss_0      0020
_delayMS       text3       061B  _delayUS       text3       0614
_disp          rdata_0     0027  _exit          init        0000
_main          text3       06BE  _saomiao       const1      0048
_table         const2      003B  _xianshi       text3       05E1
altoft         float_text4 0784  awdiv          float_text1 07A0
awmod          float_text1 07A0  awtoft         float_text4 0797
clear_bank0    init        0000  clear_bit0     init        0000
clear_ram      end_init    0012  code_ptr       code_ptr    002A
copy_bank0     init        0004  copy_data      end_init    0017
dowdiv         float_text1 07B6  ftmul          float_text4 0720
ftmul_x        float_text4 0721  ftnorm1        float_text4 06FC
fttol          float_text4 0761  ftunpack1      float_text4 06D2
ftunpack2      float_text4 06E1  intlevel0      intentry    0000
intlevel1      intentry    0000  l0neg          float_text0 07EF
lltoft         float_text4 0789  lwdiv          float_text1 07B5
lwmod          float_text1 07B5  lwtoft         float_text4 079D
reset_vec      reset_vec   0000  start          init        0000
storeback_3    ftext0      06C6  string_indir   stringtable 0027
string_table   stringtable 0024  used_btemp0    (abs)       0001
used_btemp1    (abs)       0001  used_btemp10   (abs)       0001
used_btemp11   (abs)       0001  used_btemp2    (abs)       0001
used_btemp3    (abs)       0001  used_btemp4    (abs)       0001
used_btemp5    (abs)       0001  used_btemp6    (abs)       0001
used_btemp7    (abs)       0001  used_btemp8    (abs)       0001
used_btemp9    (abs)       0001  used_code_ptr  (abs)       0001
zerctt         float_text4 06DD  
