HI-TECH Software PICC Compiler STD Edition V9.60

Linker command line:

--edf=C:\Program Files\HI-TECH Software\PICC\std\9.60\dat\en_msgs.txt \
  -h+Experiment6.sym -z -Q16F877A -ol.obj -MExperiment6.map -E1 -ver=PICC \
  -ACODE=00h-07FFhx4 -ACONST=00h-0FFhx32 -AENTRY=00h-0FFhx32 \
  -ASTRING=00h-0FFhx32 -ABANK0=020h-07Fh -ABANK1=0A0h-0EFh \
  -ABANK2=0110h-016Fh -ABANK3=0190h-01EFh -ACOMBANK=070h-07Fh \
  -preset_vec=00h,intentry=04h,intcode,intret,init,init23,end_init,clrtext,maintext,stringtable,pstrings,strings \
  -ppowerup=CODE -ptemp=-COMBANK -pintsave_0=-COMBANK \
  -prbit_0=BANK0,rbss_0=BANK0,rdata_0=BANK0,idata_0=CODE -pnvram=BANK0 \
  -pintsave_1=BANK1 -prbit_1=BANK1,rbss_1=BANK1,rdata_1=BANK1,idata_1=CODE \
  -pnvram_1=BANK1,nvbit_1=BANK1 -pintsave_2=BANK2 \
  -prbit_2=BANK2,rbss_2=BANK2,rdata_2=BANK2,idata_2=CODE \
  -pnvram_2=BANK2,nvbit_2=BANK2 -pintsave_3=BANK3 \
  -prbit_3=BANK3,rbss_3=BANK3,rdata_3=BANK3,idata_3=CODE \
  -pnvram_3=BANK3,nvbit_3=BANK3 -ACONFIG=02007h-02007h -pconfig=CONFIG \
  -AIDLOC=02000h-02003h -pidloc=IDLOC -AEEDATA=00h-0FFh/02100h \
  -peeprom_data=EEDATA -pfloat_text0=CODE,float_text1=CODE,float_text2=CODE \
  -pfloat_text3=CODE,float_text4=CODE \
  C:\DOCUME~1\ADMINI~1\LOCALS~1\Temp\s234.obj Time0_0_9999.obj \
  C:\Program Files\HI-TECH Software\PICC\std\9.60\lib\pic604-p.lib \
  C:\Program Files\HI-TECH Software\PICC\std\9.60\lib\pic32--u.lib \
  C:\Program Files\HI-TECH Software\PICC\std\9.60\lib\pic42c-c.lib \
  C:\Program Files\HI-TECH Software\PICC\std\9.60\lib\pic32--u.lib 

Object code version is 3.9

Machine type is 16F877A

Call graph:

*_main size 0,0 offset 0
     _Board_init size 0,0 offset 0
*    _LED_DISPLAY size 0,2 offset 0
*        _delay size 1,1 offset 2
     lwdiv size 0,0 offset 0
     lwmod size 0,0 offset 0

Estimated maximum call depth: 2

*_TMR0INT size 0,0 offset 4

Estimated maximum call depth: 1


		Name          Link     Load   Length Selector Space Scale
C:\DOCUME~1\ADMINI~1\LOCALS~1\Temp\s234.obj
		reset_vec        0        0        3       0     0
		init            20       20        C       8     0
		end_init        2C       2C       18       8     0
		temp            79       79        1      79     1
Time0_0_9999.obj
		intcode          B        B        E       8     0
		intentry         4        4        7       8     0
		intret          19       19        7       8     0
		idata_0         5A       5A       11       8     0
		intsave_0       78       78        1      78     1
		rdata_0         2B       2B       11      20     1
		config        2007     2007        1    400E     0
		rbss_0          20       20        7      20     1
		temp            79       79        5      79     1
		intsave         3E       3E        2      20     1
		text4          113      113       31       8     0
		text0           A5       A5       6E       8     0

C:\Program Files\HI-TECH Software\PICC\std\9.60\lib\pic604-p.lib

C:\Program Files\HI-TECH Software\PICC\std\9.60\lib\pic32--u.lib

C:\Program Files\HI-TECH Software\PICC\std\9.60\lib\pic42c-c.lib
btemp0.obj      temp            79       79        1      79     1
btemp1.obj      temp            79       79        2      79     1
btemp2.obj      temp            79       79        3      79     1
btemp3.obj      temp            79       79        4      79     1
btemp4.obj      temp            79       79        5      79     1
btemp5.obj      temp            79       79        6      79     1
btemp6.obj      temp            79       79        7      79     1
codeptr.obj     
stringtab.obj   stringtab       44       44       16       8     0
		code_ptr        3C       3C        2      20     1
wdiv.obj        float_tex       6B       6B       3A       8     0
		temp            79       79        7      79     1

C:\Program Files\HI-TECH Software\PICC\std\9.60\lib\pic32--u.lib

COMMON          rbss_0          27       27        4      20     1

TOTAL		Name          Link     Load   Length
	CLASS	CODE     
		intcode          B        B        E
		intentry         4        4        7
		intret          19       19        7
		reset_vec        0        0        3
		idata_0         5A       5A       11
		float_tex       6B       6B       3A
		init            20       20        C
		end_init        2C       2C       18
		text4          113      113       31
		text0           A5       A5       6E

	CLASS	CONST    

	CLASS	ENTRY    
		stringtab       44       44       16

	CLASS	STRING   

	CLASS	BANK0    
		rdata_0         2B       2B       11
		rbss_0          20       20        B
		temp            79       79        7
		intsave         3E       3E        2
		code_ptr        3C       3C        2

	CLASS	BANK1    

	CLASS	BANK2    

	CLASS	BANK3    

	CLASS	COMBANK  
		intsave_0       78       78        1

	CLASS	CONFIG   
		config        2007     2007        1

	CLASS	IDLOC    

	CLASS	EEDATA   



SEGMENTS	Name		Load	Length	 Top	Selector    Space Class

		reset_vec       000000	000003	000003	       0       0  CODE    
		intentry        000004	000140	000144	       8       0  CODE    
		rbit_0          000020	000020	000040	      20       1  BANK0   
		intsave_0       000078	000001	000079	      78       1  COMBANK 
		temp            000079	000007	000080	      79       1  COMBANK 
		config          002007	000001	002008	    400E       0  CONFIG  


UNUSED ADDRESS RANGES

	BANK0            0040-0077
	BANK1            00A0-00EF
	BANK2            0110-016F
	BANK3            0190-01EF
	CODE             0003-0003
	                 0144-1FFF
	COMBANK          0070-0077
	CONST            0003-0003
	                 0144-1FFF
	EEDATA           2100-21FF
	ENTRY            0003-0003
	                 0144-1FFF
	IDLOC            2000-2003
	STRING           0003-0003
	                 0144-1FFF

                                  Symbol Table

?_delay        rbss_0      0029  ?a_LED_DISPLAY rbss_0      0027
?a_delay       rbss_0      002A  _Board_init    text0       00A5
_DIS_NUM       rbss_0      0023  _LED_DIS       rdata_0     002B
_LED_DISPLAY   text4       011D  _TMR0INT       intcode     000B
_TMR2_COUTER   rbss_0      0020  __Beeprom_data eeprom_data 2100
__Bnvbit_0     nvbit_0     014A  __Bnvbit_1     nvbit_1     00A0
__Bnvbit_2     nvbit_2     0110  __Bnvbit_3     nvbit_3     0190
__Bptbit_0     ptbit_0     014A  __Brbit_0      rbit_0      0020
__Brbit_1      rbit_1      00A0  __Brbit_2      rbit_2      0110
__Brbit_3      rbit_3      0190  __Hclrtext     clrtext     0044
__Hcode        code        014A  __Hcode_ptr    code_ptr    003E
__Hcommon_ram  common_ram  014A  __Hconfig      config      2008
__Heeprom_data eeprom_data 0000  __Hend_init    end_init    0044
__Hfloat_text0 float_text0 006B  __Hfloat_text1 float_text1 00A5
__Hfloat_text2 float_text2 00A5  __Hfloat_text3 float_text3 00A5
__Hfloat_text4 float_text4 00A5  __Hidata_0     idata_0     006B
__Hidata_1     idata_1     006B  __Hidata_2     idata_2     006B
__Hidata_3     idata_3     006B  __Hidloc       idloc       2000
__Hinit        init        002C  __Hinit23      init23      002C
__Hintcode     intcode     0019  __Hintentry    intentry    000B
__Hintret      intret      0020  __Hintsave     intsave     014A
__Hintsave_0   intsave_0   0079  __Hintsave_1   intsave_1   00A0
__Hintsave_2   intsave_2   0110  __Hintsave_3   intsave_3   0190
__Hmaintext    maintext    0044  __Hnvbit_0     nvbit_0     0A50
__Hnvbit_1     nvbit_1     0500  __Hnvbit_2     nvbit_2     0880
__Hnvbit_3     nvbit_3     0C80  __Hnvram       nvram       003C
__Hnvram_1     nvram_1     00A0  __Hnvram_2     nvram_2     0110
__Hnvram_3     nvram_3     0190  __Hpowerup     powerup     005A
__Hpstrings    pstrings    005A  __Hptbit_0     ptbit_0     0A50
__Hrbit_0      rbit_0      0100  __Hrbit_1      rbit_1      0500
__Hrbit_2      rbit_2      0880  __Hrbit_3      rbit_3      0C80
__Hrbss_0      rbss_0      002B  __Hrbss_1      rbss_1      00A0
__Hrbss_2      rbss_2      0110  __Hrbss_3      rbss_3      0190
__Hrdata_0     rdata_0     003C  __Hrdata_1     rdata_1     00A0
__Hrdata_2     rdata_2     0110  __Hrdata_3     rdata_3     0190
__Hreset_vec   reset_vec   0003  __Hstrings     strings     005A
__Hstringtable stringtable 005A  __Hstruct      struct      0040
__Htemp        temp        0080  __Htext        text        014A
__Lclrtext     clrtext     0044  __Lcode        code        014A
__Lcode_ptr    code_ptr    003C  __Lcommon_ram  common_ram  014A
__Lconfig      config      2007  __Leeprom_data eeprom_data 0000
__Lend_init    end_init    002C  __Lfloat_text0 float_text0 006B
__Lfloat_text1 float_text1 006B  __Lfloat_text2 float_text2 00A5
__Lfloat_text3 float_text3 00A5  __Lfloat_text4 float_text4 00A5
__Lidata_0     idata_0     005A  __Lidata_1     idata_1     006B
__Lidata_2     idata_2     006B  __Lidata_3     idata_3     006B
__Lidloc       idloc       2000  __Linit        init        0020
__Linit23      init23      002C  __Lintcode     intcode     000B
__Lintentry    intentry    0004  __Lintret      intret      0019
__Lintsave     intsave     014A  __Lintsave_0   intsave_0   0078
__Lintsave_1   intsave_1   00A0  __Lintsave_2   intsave_2   0110
__Lintsave_3   intsave_3   0190  __Lmaintext    maintext    0044
__Lnvbit_0     nvbit_0     0A50  __Lnvbit_1     nvbit_1     0500
__Lnvbit_2     nvbit_2     0880  __Lnvbit_3     nvbit_3     0C80
__Lnvram       nvram       003C  __Lnvram_1     nvram_1     00A0
__Lnvram_2     nvram_2     0110  __Lnvram_3     nvram_3     0190
__Lpowerup     powerup     005A  __Lpstrings    pstrings    005A
__Lptbit_0     ptbit_0     0A50  __Lrbit_0      rbit_0      0100
__Lrbit_1      rbit_1      0500  __Lrbit_2      rbit_2      0880
__Lrbit_3      rbit_3      0C80  __Lrbss_0      rbss_0      0020
__Lrbss_1      rbss_1      00A0  __Lrbss_2      rbss_2      0110
__Lrbss_3      rbss_3      0190  __Lrdata_0     rdata_0     002B
__Lrdata_1     rdata_1     00A0  __Lrdata_2     rdata_2     0110
__Lrdata_3     rdata_3     0190  __Lreset_vec   reset_vec   0000
__Lstrings     strings     005A  __Lstringtable stringtable 0044
__Lstruct      struct      0040  __Ltemp        temp        0079
__Ltext        text        014A  __S0           (abs)       2008
__S1           (abs)       0190  __S2           (abs)       2100
_counter       rbss_0      0021  _delay         text4       0113
_exit          init        0020  _main          text0       00C3
clear_bank0    init        0020  clear_bit0     init        0020
clear_ram      end_init    0032  code_ptr       code_ptr    003C
copy_bank0     init        0024  copy_data      end_init    0037
dowdiv         float_text1 006C  int_entry      intentry    0004
int_func       intcode     000B  int_restore    intret      001B
intlevel0      intentry    0004  intlevel1      intentry    0004
lwdiv          float_text1 006B  lwmod          float_text1 006B
reset_vec      reset_vec   0000  start          init        0020
string_indir   stringtable 0047  string_table   stringtable 0044
used_btemp0    (abs)       0001  used_btemp1    (abs)       0001
used_btemp2    (abs)       0001  used_btemp3    (abs)       0001
used_btemp4    (abs)       0001  used_btemp5    (abs)       0001
used_btemp6    (abs)       0001  used_code_ptr  (abs)       0001
